// Jest Snapshot v1, https://goo.gl/fbAQLP

exports[`Level 3 Matches the correct snapshot 1`] = `
Array [
  Array [
    Array [
      Array [
        Object {
          "movableEntity": Object {
            "color": "#ff0000",
            "entityId": "BLOCK",
            "id": 1,
          },
          "staticEntity": Object {
            "entityId": "FLOOR",
            "id": 2,
          },
        },
        Object {
          "movableEntity": null,
          "staticEntity": Object {
            "entityId": "FLOOR",
            "id": 3,
          },
        },
        Object {
          "movableEntity": null,
          "staticEntity": Object {
            "entityId": "FLOOR",
            "id": 4,
          },
        },
      ],
      Array [
        Object {
          "movableEntity": null,
          "staticEntity": Object {
            "entityId": "FLOOR",
            "id": 5,
          },
        },
        Object {
          "movableEntity": Object {
            "color": "#ff0000",
            "entityId": "BLOCK",
            "id": 6,
          },
          "staticEntity": Object {
            "entityId": "FLOOR",
            "id": 7,
          },
        },
        Object {
          "movableEntity": null,
          "staticEntity": Object {
            "entityId": "FLOOR",
            "id": 8,
          },
        },
      ],
      Array [
        Object {
          "movableEntity": null,
          "staticEntity": Object {
            "entityId": "FLOOR",
            "id": 9,
          },
        },
        Object {
          "movableEntity": null,
          "staticEntity": Object {
            "entityId": "FLOOR",
            "id": 10,
          },
        },
        Object {
          "movableEntity": Object {
            "color": "#ff0000",
            "entityId": "BLOCK",
            "id": 11,
          },
          "staticEntity": Object {
            "entityId": "FLOOR",
            "id": 12,
          },
        },
      ],
    ],
  ],
  Array [
    Array [
      Array [
        Object {
          "movableEntity": null,
          "staticEntity": Object {
            "entityId": "FLOOR",
            "id": 2,
          },
        },
        Object {
          "movableEntity": null,
          "staticEntity": Object {
            "entityId": "FLOOR",
            "id": 3,
          },
        },
        Object {
          "movableEntity": null,
          "staticEntity": Object {
            "entityId": "FLOOR",
            "id": 4,
          },
        },
      ],
      Array [
        Object {
          "movableEntity": Object {
            "color": "#ff0000",
            "entityId": "BLOCK",
            "id": 1,
          },
          "staticEntity": Object {
            "entityId": "FLOOR",
            "id": 5,
          },
        },
        Object {
          "movableEntity": null,
          "staticEntity": Object {
            "entityId": "FLOOR",
            "id": 7,
          },
        },
        Object {
          "movableEntity": null,
          "staticEntity": Object {
            "entityId": "FLOOR",
            "id": 8,
          },
        },
      ],
      Array [
        Object {
          "movableEntity": null,
          "staticEntity": Object {
            "entityId": "FLOOR",
            "id": 9,
          },
        },
        Object {
          "movableEntity": Object {
            "color": "#ff0000",
            "entityId": "BLOCK",
            "id": 6,
          },
          "staticEntity": Object {
            "entityId": "FLOOR",
            "id": 10,
          },
        },
        Object {
          "movableEntity": Object {
            "color": "#ff0000",
            "entityId": "BLOCK",
            "id": 11,
          },
          "staticEntity": Object {
            "entityId": "FLOOR",
            "id": 12,
          },
        },
      ],
    ],
    Array [
      Array [
        Object {
          "movableEntity": null,
          "staticEntity": Object {
            "entityId": "FLOOR",
            "id": 2,
          },
        },
        Object {
          "movableEntity": null,
          "staticEntity": Object {
            "entityId": "FLOOR",
            "id": 3,
          },
        },
        Object {
          "movableEntity": null,
          "staticEntity": Object {
            "entityId": "FLOOR",
            "id": 4,
          },
        },
      ],
      Array [
        Object {
          "movableEntity": null,
          "staticEntity": Object {
            "entityId": "FLOOR",
            "id": 5,
          },
        },
        Object {
          "movableEntity": null,
          "staticEntity": Object {
            "entityId": "FLOOR",
            "id": 7,
          },
        },
        Object {
          "movableEntity": null,
          "staticEntity": Object {
            "entityId": "FLOOR",
            "id": 8,
          },
        },
      ],
      Array [
        Object {
          "movableEntity": Object {
            "color": "#ff0000",
            "entityId": "BLOCK",
            "id": 1,
          },
          "staticEntity": Object {
            "entityId": "FLOOR",
            "id": 9,
          },
        },
        Object {
          "movableEntity": Object {
            "color": "#ff0000",
            "entityId": "BLOCK",
            "id": 6,
          },
          "staticEntity": Object {
            "entityId": "FLOOR",
            "id": 10,
          },
        },
        Object {
          "movableEntity": Object {
            "color": "#ff0000",
            "entityId": "BLOCK",
            "id": 11,
          },
          "staticEntity": Object {
            "entityId": "FLOOR",
            "id": 12,
          },
        },
      ],
    ],
    Array [
      Array [
        Object {
          "movableEntity": null,
          "staticEntity": Object {
            "entityId": "FLOOR",
            "id": 2,
          },
        },
        Object {
          "movableEntity": null,
          "staticEntity": Object {
            "entityId": "FLOOR",
            "id": 3,
          },
        },
        Object {
          "movableEntity": null,
          "staticEntity": Object {
            "entityId": "FLOOR",
            "id": 4,
          },
        },
      ],
      Array [
        Object {
          "movableEntity": null,
          "staticEntity": Object {
            "entityId": "FLOOR",
            "id": 5,
          },
        },
        Object {
          "movableEntity": null,
          "staticEntity": Object {
            "entityId": "FLOOR",
            "id": 7,
          },
        },
        Object {
          "movableEntity": null,
          "staticEntity": Object {
            "entityId": "FLOOR",
            "id": 8,
          },
        },
      ],
      Array [
        Object {
          "movableEntity": Object {
            "color": "#ff0000",
            "entityId": "BLOCK",
            "fading": true,
            "id": 1,
          },
          "staticEntity": Object {
            "entityId": "FLOOR",
            "id": 9,
          },
        },
        Object {
          "movableEntity": Object {
            "color": "#ff0000",
            "entityId": "BLOCK",
            "fading": true,
            "id": 6,
          },
          "staticEntity": Object {
            "entityId": "FLOOR",
            "id": 10,
          },
        },
        Object {
          "movableEntity": Object {
            "color": "#ff0000",
            "entityId": "BLOCK",
            "fading": true,
            "id": 11,
          },
          "staticEntity": Object {
            "entityId": "FLOOR",
            "id": 12,
          },
        },
      ],
    ],
    Array [
      Array [
        Object {
          "movableEntity": null,
          "staticEntity": Object {
            "entityId": "FLOOR",
            "id": 2,
          },
        },
        Object {
          "movableEntity": null,
          "staticEntity": Object {
            "entityId": "FLOOR",
            "id": 3,
          },
        },
        Object {
          "movableEntity": null,
          "staticEntity": Object {
            "entityId": "FLOOR",
            "id": 4,
          },
        },
      ],
      Array [
        Object {
          "movableEntity": null,
          "staticEntity": Object {
            "entityId": "FLOOR",
            "id": 5,
          },
        },
        Object {
          "movableEntity": null,
          "staticEntity": Object {
            "entityId": "FLOOR",
            "id": 7,
          },
        },
        Object {
          "movableEntity": null,
          "staticEntity": Object {
            "entityId": "FLOOR",
            "id": 8,
          },
        },
      ],
      Array [
        Object {
          "movableEntity": null,
          "staticEntity": Object {
            "entityId": "FLOOR",
            "id": 9,
          },
        },
        Object {
          "movableEntity": null,
          "staticEntity": Object {
            "entityId": "FLOOR",
            "id": 10,
          },
        },
        Object {
          "movableEntity": null,
          "staticEntity": Object {
            "entityId": "FLOOR",
            "id": 12,
          },
        },
      ],
    ],
  ],
]
`;
