// Jest Snapshot v1, https://goo.gl/fbAQLP

exports[`Movable entity Should be blocked by other movable entities 1`] = `
Array [
  Array [
    Array [
      Object {
        "movableEntity": Object {
          "entityId": "ENTITY_BLOCK",
          "id": 1,
        },
        "staticEntity": Object {
          "entityId": "ENTITY_FLOOR",
          "id": 2,
        },
      },
    ],
    Array [
      Object {
        "movableEntity": Object {
          "entityId": "ENTITY_BLOCK",
          "id": 4,
        },
        "staticEntity": Object {
          "entityId": "ENTITY_FLOOR",
          "id": 3,
        },
      },
    ],
    Array [
      Object {
        "movableEntity": null,
        "staticEntity": Object {
          "entityId": "ENTITY_FLOOR",
          "id": 5,
        },
      },
    ],
  ],
]
`;

exports[`Movable entity Should move down over free tiles 1`] = `
Array [
  Array [
    Array [
      Object {
        "movableEntity": null,
        "staticEntity": Object {
          "entityId": "ENTITY_FLOOR",
          "id": 1,
        },
      },
      Object {
        "movableEntity": null,
        "staticEntity": Object {
          "entityId": "ENTITY_FLOOR",
          "id": 2,
        },
      },
      Object {
        "movableEntity": null,
        "staticEntity": Object {
          "entityId": "ENTITY_FLOOR",
          "id": 3,
        },
      },
      Object {
        "movableEntity": null,
        "staticEntity": Object {
          "entityId": "ENTITY_FLOOR",
          "id": 4,
        },
      },
      Object {
        "movableEntity": null,
        "staticEntity": Object {
          "entityId": "ENTITY_FLOOR",
          "id": 5,
        },
      },
    ],
    Array [
      Object {
        "movableEntity": null,
        "staticEntity": Object {
          "entityId": "ENTITY_FLOOR",
          "id": 6,
        },
      },
      Object {
        "movableEntity": null,
        "staticEntity": Object {
          "entityId": "ENTITY_FLOOR",
          "id": 7,
        },
      },
      Object {
        "movableEntity": null,
        "staticEntity": Object {
          "entityId": "ENTITY_FLOOR",
          "id": 8,
        },
      },
      Object {
        "movableEntity": null,
        "staticEntity": Object {
          "entityId": "ENTITY_FLOOR",
          "id": 9,
        },
      },
      Object {
        "movableEntity": null,
        "staticEntity": Object {
          "entityId": "ENTITY_FLOOR",
          "id": 10,
        },
      },
    ],
    Array [
      Object {
        "movableEntity": null,
        "staticEntity": Object {
          "entityId": "ENTITY_FLOOR",
          "id": 11,
        },
      },
      Object {
        "movableEntity": null,
        "staticEntity": Object {
          "entityId": "ENTITY_FLOOR",
          "id": 12,
        },
      },
      Object {
        "movableEntity": null,
        "staticEntity": Object {
          "entityId": "ENTITY_FLOOR",
          "id": 14,
        },
      },
      Object {
        "movableEntity": null,
        "staticEntity": Object {
          "entityId": "ENTITY_FLOOR",
          "id": 15,
        },
      },
      Object {
        "movableEntity": null,
        "staticEntity": Object {
          "entityId": "ENTITY_FLOOR",
          "id": 16,
        },
      },
    ],
    Array [
      Object {
        "movableEntity": null,
        "staticEntity": Object {
          "entityId": "ENTITY_FLOOR",
          "id": 17,
        },
      },
      Object {
        "movableEntity": null,
        "staticEntity": Object {
          "entityId": "ENTITY_FLOOR",
          "id": 18,
        },
      },
      Object {
        "movableEntity": Object {
          "entityId": "ENTITY_BLOCK",
          "id": 13,
        },
        "staticEntity": Object {
          "entityId": "ENTITY_FLOOR",
          "id": 19,
        },
      },
      Object {
        "movableEntity": null,
        "staticEntity": Object {
          "entityId": "ENTITY_FLOOR",
          "id": 20,
        },
      },
      Object {
        "movableEntity": null,
        "staticEntity": Object {
          "entityId": "ENTITY_FLOOR",
          "id": 21,
        },
      },
    ],
    Array [
      Object {
        "movableEntity": null,
        "staticEntity": Object {
          "entityId": "ENTITY_FLOOR",
          "id": 22,
        },
      },
      Object {
        "movableEntity": null,
        "staticEntity": Object {
          "entityId": "ENTITY_FLOOR",
          "id": 23,
        },
      },
      Object {
        "movableEntity": null,
        "staticEntity": Object {
          "entityId": "ENTITY_FLOOR",
          "id": 24,
        },
      },
      Object {
        "movableEntity": null,
        "staticEntity": Object {
          "entityId": "ENTITY_FLOOR",
          "id": 25,
        },
      },
      Object {
        "movableEntity": null,
        "staticEntity": Object {
          "entityId": "ENTITY_FLOOR",
          "id": 26,
        },
      },
    ],
  ],
  Array [
    Array [
      Object {
        "movableEntity": null,
        "staticEntity": Object {
          "entityId": "ENTITY_FLOOR",
          "id": 1,
        },
      },
      Object {
        "movableEntity": null,
        "staticEntity": Object {
          "entityId": "ENTITY_FLOOR",
          "id": 2,
        },
      },
      Object {
        "movableEntity": null,
        "staticEntity": Object {
          "entityId": "ENTITY_FLOOR",
          "id": 3,
        },
      },
      Object {
        "movableEntity": null,
        "staticEntity": Object {
          "entityId": "ENTITY_FLOOR",
          "id": 4,
        },
      },
      Object {
        "movableEntity": null,
        "staticEntity": Object {
          "entityId": "ENTITY_FLOOR",
          "id": 5,
        },
      },
    ],
    Array [
      Object {
        "movableEntity": null,
        "staticEntity": Object {
          "entityId": "ENTITY_FLOOR",
          "id": 6,
        },
      },
      Object {
        "movableEntity": null,
        "staticEntity": Object {
          "entityId": "ENTITY_FLOOR",
          "id": 7,
        },
      },
      Object {
        "movableEntity": null,
        "staticEntity": Object {
          "entityId": "ENTITY_FLOOR",
          "id": 8,
        },
      },
      Object {
        "movableEntity": null,
        "staticEntity": Object {
          "entityId": "ENTITY_FLOOR",
          "id": 9,
        },
      },
      Object {
        "movableEntity": null,
        "staticEntity": Object {
          "entityId": "ENTITY_FLOOR",
          "id": 10,
        },
      },
    ],
    Array [
      Object {
        "movableEntity": null,
        "staticEntity": Object {
          "entityId": "ENTITY_FLOOR",
          "id": 11,
        },
      },
      Object {
        "movableEntity": null,
        "staticEntity": Object {
          "entityId": "ENTITY_FLOOR",
          "id": 12,
        },
      },
      Object {
        "movableEntity": null,
        "staticEntity": Object {
          "entityId": "ENTITY_FLOOR",
          "id": 14,
        },
      },
      Object {
        "movableEntity": null,
        "staticEntity": Object {
          "entityId": "ENTITY_FLOOR",
          "id": 15,
        },
      },
      Object {
        "movableEntity": null,
        "staticEntity": Object {
          "entityId": "ENTITY_FLOOR",
          "id": 16,
        },
      },
    ],
    Array [
      Object {
        "movableEntity": null,
        "staticEntity": Object {
          "entityId": "ENTITY_FLOOR",
          "id": 17,
        },
      },
      Object {
        "movableEntity": null,
        "staticEntity": Object {
          "entityId": "ENTITY_FLOOR",
          "id": 18,
        },
      },
      Object {
        "movableEntity": null,
        "staticEntity": Object {
          "entityId": "ENTITY_FLOOR",
          "id": 19,
        },
      },
      Object {
        "movableEntity": null,
        "staticEntity": Object {
          "entityId": "ENTITY_FLOOR",
          "id": 20,
        },
      },
      Object {
        "movableEntity": null,
        "staticEntity": Object {
          "entityId": "ENTITY_FLOOR",
          "id": 21,
        },
      },
    ],
    Array [
      Object {
        "movableEntity": null,
        "staticEntity": Object {
          "entityId": "ENTITY_FLOOR",
          "id": 22,
        },
      },
      Object {
        "movableEntity": null,
        "staticEntity": Object {
          "entityId": "ENTITY_FLOOR",
          "id": 23,
        },
      },
      Object {
        "movableEntity": Object {
          "entityId": "ENTITY_BLOCK",
          "id": 13,
        },
        "staticEntity": Object {
          "entityId": "ENTITY_FLOOR",
          "id": 24,
        },
      },
      Object {
        "movableEntity": null,
        "staticEntity": Object {
          "entityId": "ENTITY_FLOOR",
          "id": 25,
        },
      },
      Object {
        "movableEntity": null,
        "staticEntity": Object {
          "entityId": "ENTITY_FLOOR",
          "id": 26,
        },
      },
    ],
  ],
]
`;

exports[`Movable entity Should move left over free tiles 1`] = `
Array [
  Array [
    Array [
      Object {
        "movableEntity": null,
        "staticEntity": Object {
          "entityId": "ENTITY_FLOOR",
          "id": 1,
        },
      },
      Object {
        "movableEntity": null,
        "staticEntity": Object {
          "entityId": "ENTITY_FLOOR",
          "id": 2,
        },
      },
      Object {
        "movableEntity": null,
        "staticEntity": Object {
          "entityId": "ENTITY_FLOOR",
          "id": 3,
        },
      },
      Object {
        "movableEntity": null,
        "staticEntity": Object {
          "entityId": "ENTITY_FLOOR",
          "id": 4,
        },
      },
      Object {
        "movableEntity": null,
        "staticEntity": Object {
          "entityId": "ENTITY_FLOOR",
          "id": 5,
        },
      },
    ],
    Array [
      Object {
        "movableEntity": null,
        "staticEntity": Object {
          "entityId": "ENTITY_FLOOR",
          "id": 6,
        },
      },
      Object {
        "movableEntity": null,
        "staticEntity": Object {
          "entityId": "ENTITY_FLOOR",
          "id": 7,
        },
      },
      Object {
        "movableEntity": null,
        "staticEntity": Object {
          "entityId": "ENTITY_FLOOR",
          "id": 8,
        },
      },
      Object {
        "movableEntity": null,
        "staticEntity": Object {
          "entityId": "ENTITY_FLOOR",
          "id": 9,
        },
      },
      Object {
        "movableEntity": null,
        "staticEntity": Object {
          "entityId": "ENTITY_FLOOR",
          "id": 10,
        },
      },
    ],
    Array [
      Object {
        "movableEntity": null,
        "staticEntity": Object {
          "entityId": "ENTITY_FLOOR",
          "id": 11,
        },
      },
      Object {
        "movableEntity": Object {
          "entityId": "ENTITY_BLOCK",
          "id": 13,
        },
        "staticEntity": Object {
          "entityId": "ENTITY_FLOOR",
          "id": 12,
        },
      },
      Object {
        "movableEntity": null,
        "staticEntity": Object {
          "entityId": "ENTITY_FLOOR",
          "id": 14,
        },
      },
      Object {
        "movableEntity": null,
        "staticEntity": Object {
          "entityId": "ENTITY_FLOOR",
          "id": 15,
        },
      },
      Object {
        "movableEntity": null,
        "staticEntity": Object {
          "entityId": "ENTITY_FLOOR",
          "id": 16,
        },
      },
    ],
    Array [
      Object {
        "movableEntity": null,
        "staticEntity": Object {
          "entityId": "ENTITY_FLOOR",
          "id": 17,
        },
      },
      Object {
        "movableEntity": null,
        "staticEntity": Object {
          "entityId": "ENTITY_FLOOR",
          "id": 18,
        },
      },
      Object {
        "movableEntity": null,
        "staticEntity": Object {
          "entityId": "ENTITY_FLOOR",
          "id": 19,
        },
      },
      Object {
        "movableEntity": null,
        "staticEntity": Object {
          "entityId": "ENTITY_FLOOR",
          "id": 20,
        },
      },
      Object {
        "movableEntity": null,
        "staticEntity": Object {
          "entityId": "ENTITY_FLOOR",
          "id": 21,
        },
      },
    ],
    Array [
      Object {
        "movableEntity": null,
        "staticEntity": Object {
          "entityId": "ENTITY_FLOOR",
          "id": 22,
        },
      },
      Object {
        "movableEntity": null,
        "staticEntity": Object {
          "entityId": "ENTITY_FLOOR",
          "id": 23,
        },
      },
      Object {
        "movableEntity": null,
        "staticEntity": Object {
          "entityId": "ENTITY_FLOOR",
          "id": 24,
        },
      },
      Object {
        "movableEntity": null,
        "staticEntity": Object {
          "entityId": "ENTITY_FLOOR",
          "id": 25,
        },
      },
      Object {
        "movableEntity": null,
        "staticEntity": Object {
          "entityId": "ENTITY_FLOOR",
          "id": 26,
        },
      },
    ],
  ],
  Array [
    Array [
      Object {
        "movableEntity": null,
        "staticEntity": Object {
          "entityId": "ENTITY_FLOOR",
          "id": 1,
        },
      },
      Object {
        "movableEntity": null,
        "staticEntity": Object {
          "entityId": "ENTITY_FLOOR",
          "id": 2,
        },
      },
      Object {
        "movableEntity": null,
        "staticEntity": Object {
          "entityId": "ENTITY_FLOOR",
          "id": 3,
        },
      },
      Object {
        "movableEntity": null,
        "staticEntity": Object {
          "entityId": "ENTITY_FLOOR",
          "id": 4,
        },
      },
      Object {
        "movableEntity": null,
        "staticEntity": Object {
          "entityId": "ENTITY_FLOOR",
          "id": 5,
        },
      },
    ],
    Array [
      Object {
        "movableEntity": null,
        "staticEntity": Object {
          "entityId": "ENTITY_FLOOR",
          "id": 6,
        },
      },
      Object {
        "movableEntity": null,
        "staticEntity": Object {
          "entityId": "ENTITY_FLOOR",
          "id": 7,
        },
      },
      Object {
        "movableEntity": null,
        "staticEntity": Object {
          "entityId": "ENTITY_FLOOR",
          "id": 8,
        },
      },
      Object {
        "movableEntity": null,
        "staticEntity": Object {
          "entityId": "ENTITY_FLOOR",
          "id": 9,
        },
      },
      Object {
        "movableEntity": null,
        "staticEntity": Object {
          "entityId": "ENTITY_FLOOR",
          "id": 10,
        },
      },
    ],
    Array [
      Object {
        "movableEntity": Object {
          "entityId": "ENTITY_BLOCK",
          "id": 13,
        },
        "staticEntity": Object {
          "entityId": "ENTITY_FLOOR",
          "id": 11,
        },
      },
      Object {
        "movableEntity": null,
        "staticEntity": Object {
          "entityId": "ENTITY_FLOOR",
          "id": 12,
        },
      },
      Object {
        "movableEntity": null,
        "staticEntity": Object {
          "entityId": "ENTITY_FLOOR",
          "id": 14,
        },
      },
      Object {
        "movableEntity": null,
        "staticEntity": Object {
          "entityId": "ENTITY_FLOOR",
          "id": 15,
        },
      },
      Object {
        "movableEntity": null,
        "staticEntity": Object {
          "entityId": "ENTITY_FLOOR",
          "id": 16,
        },
      },
    ],
    Array [
      Object {
        "movableEntity": null,
        "staticEntity": Object {
          "entityId": "ENTITY_FLOOR",
          "id": 17,
        },
      },
      Object {
        "movableEntity": null,
        "staticEntity": Object {
          "entityId": "ENTITY_FLOOR",
          "id": 18,
        },
      },
      Object {
        "movableEntity": null,
        "staticEntity": Object {
          "entityId": "ENTITY_FLOOR",
          "id": 19,
        },
      },
      Object {
        "movableEntity": null,
        "staticEntity": Object {
          "entityId": "ENTITY_FLOOR",
          "id": 20,
        },
      },
      Object {
        "movableEntity": null,
        "staticEntity": Object {
          "entityId": "ENTITY_FLOOR",
          "id": 21,
        },
      },
    ],
    Array [
      Object {
        "movableEntity": null,
        "staticEntity": Object {
          "entityId": "ENTITY_FLOOR",
          "id": 22,
        },
      },
      Object {
        "movableEntity": null,
        "staticEntity": Object {
          "entityId": "ENTITY_FLOOR",
          "id": 23,
        },
      },
      Object {
        "movableEntity": null,
        "staticEntity": Object {
          "entityId": "ENTITY_FLOOR",
          "id": 24,
        },
      },
      Object {
        "movableEntity": null,
        "staticEntity": Object {
          "entityId": "ENTITY_FLOOR",
          "id": 25,
        },
      },
      Object {
        "movableEntity": null,
        "staticEntity": Object {
          "entityId": "ENTITY_FLOOR",
          "id": 26,
        },
      },
    ],
  ],
]
`;

exports[`Movable entity Should move right over free tiles 1`] = `
Array [
  Array [
    Array [
      Object {
        "movableEntity": null,
        "staticEntity": Object {
          "entityId": "ENTITY_FLOOR",
          "id": 1,
        },
      },
      Object {
        "movableEntity": null,
        "staticEntity": Object {
          "entityId": "ENTITY_FLOOR",
          "id": 2,
        },
      },
      Object {
        "movableEntity": null,
        "staticEntity": Object {
          "entityId": "ENTITY_FLOOR",
          "id": 3,
        },
      },
      Object {
        "movableEntity": null,
        "staticEntity": Object {
          "entityId": "ENTITY_FLOOR",
          "id": 4,
        },
      },
      Object {
        "movableEntity": null,
        "staticEntity": Object {
          "entityId": "ENTITY_FLOOR",
          "id": 5,
        },
      },
    ],
    Array [
      Object {
        "movableEntity": null,
        "staticEntity": Object {
          "entityId": "ENTITY_FLOOR",
          "id": 6,
        },
      },
      Object {
        "movableEntity": null,
        "staticEntity": Object {
          "entityId": "ENTITY_FLOOR",
          "id": 7,
        },
      },
      Object {
        "movableEntity": null,
        "staticEntity": Object {
          "entityId": "ENTITY_FLOOR",
          "id": 8,
        },
      },
      Object {
        "movableEntity": null,
        "staticEntity": Object {
          "entityId": "ENTITY_FLOOR",
          "id": 9,
        },
      },
      Object {
        "movableEntity": null,
        "staticEntity": Object {
          "entityId": "ENTITY_FLOOR",
          "id": 10,
        },
      },
    ],
    Array [
      Object {
        "movableEntity": null,
        "staticEntity": Object {
          "entityId": "ENTITY_FLOOR",
          "id": 11,
        },
      },
      Object {
        "movableEntity": null,
        "staticEntity": Object {
          "entityId": "ENTITY_FLOOR",
          "id": 12,
        },
      },
      Object {
        "movableEntity": null,
        "staticEntity": Object {
          "entityId": "ENTITY_FLOOR",
          "id": 14,
        },
      },
      Object {
        "movableEntity": Object {
          "entityId": "ENTITY_BLOCK",
          "id": 13,
        },
        "staticEntity": Object {
          "entityId": "ENTITY_FLOOR",
          "id": 15,
        },
      },
      Object {
        "movableEntity": null,
        "staticEntity": Object {
          "entityId": "ENTITY_FLOOR",
          "id": 16,
        },
      },
    ],
    Array [
      Object {
        "movableEntity": null,
        "staticEntity": Object {
          "entityId": "ENTITY_FLOOR",
          "id": 17,
        },
      },
      Object {
        "movableEntity": null,
        "staticEntity": Object {
          "entityId": "ENTITY_FLOOR",
          "id": 18,
        },
      },
      Object {
        "movableEntity": null,
        "staticEntity": Object {
          "entityId": "ENTITY_FLOOR",
          "id": 19,
        },
      },
      Object {
        "movableEntity": null,
        "staticEntity": Object {
          "entityId": "ENTITY_FLOOR",
          "id": 20,
        },
      },
      Object {
        "movableEntity": null,
        "staticEntity": Object {
          "entityId": "ENTITY_FLOOR",
          "id": 21,
        },
      },
    ],
    Array [
      Object {
        "movableEntity": null,
        "staticEntity": Object {
          "entityId": "ENTITY_FLOOR",
          "id": 22,
        },
      },
      Object {
        "movableEntity": null,
        "staticEntity": Object {
          "entityId": "ENTITY_FLOOR",
          "id": 23,
        },
      },
      Object {
        "movableEntity": null,
        "staticEntity": Object {
          "entityId": "ENTITY_FLOOR",
          "id": 24,
        },
      },
      Object {
        "movableEntity": null,
        "staticEntity": Object {
          "entityId": "ENTITY_FLOOR",
          "id": 25,
        },
      },
      Object {
        "movableEntity": null,
        "staticEntity": Object {
          "entityId": "ENTITY_FLOOR",
          "id": 26,
        },
      },
    ],
  ],
  Array [
    Array [
      Object {
        "movableEntity": null,
        "staticEntity": Object {
          "entityId": "ENTITY_FLOOR",
          "id": 1,
        },
      },
      Object {
        "movableEntity": null,
        "staticEntity": Object {
          "entityId": "ENTITY_FLOOR",
          "id": 2,
        },
      },
      Object {
        "movableEntity": null,
        "staticEntity": Object {
          "entityId": "ENTITY_FLOOR",
          "id": 3,
        },
      },
      Object {
        "movableEntity": null,
        "staticEntity": Object {
          "entityId": "ENTITY_FLOOR",
          "id": 4,
        },
      },
      Object {
        "movableEntity": null,
        "staticEntity": Object {
          "entityId": "ENTITY_FLOOR",
          "id": 5,
        },
      },
    ],
    Array [
      Object {
        "movableEntity": null,
        "staticEntity": Object {
          "entityId": "ENTITY_FLOOR",
          "id": 6,
        },
      },
      Object {
        "movableEntity": null,
        "staticEntity": Object {
          "entityId": "ENTITY_FLOOR",
          "id": 7,
        },
      },
      Object {
        "movableEntity": null,
        "staticEntity": Object {
          "entityId": "ENTITY_FLOOR",
          "id": 8,
        },
      },
      Object {
        "movableEntity": null,
        "staticEntity": Object {
          "entityId": "ENTITY_FLOOR",
          "id": 9,
        },
      },
      Object {
        "movableEntity": null,
        "staticEntity": Object {
          "entityId": "ENTITY_FLOOR",
          "id": 10,
        },
      },
    ],
    Array [
      Object {
        "movableEntity": null,
        "staticEntity": Object {
          "entityId": "ENTITY_FLOOR",
          "id": 11,
        },
      },
      Object {
        "movableEntity": null,
        "staticEntity": Object {
          "entityId": "ENTITY_FLOOR",
          "id": 12,
        },
      },
      Object {
        "movableEntity": null,
        "staticEntity": Object {
          "entityId": "ENTITY_FLOOR",
          "id": 14,
        },
      },
      Object {
        "movableEntity": null,
        "staticEntity": Object {
          "entityId": "ENTITY_FLOOR",
          "id": 15,
        },
      },
      Object {
        "movableEntity": Object {
          "entityId": "ENTITY_BLOCK",
          "id": 13,
        },
        "staticEntity": Object {
          "entityId": "ENTITY_FLOOR",
          "id": 16,
        },
      },
    ],
    Array [
      Object {
        "movableEntity": null,
        "staticEntity": Object {
          "entityId": "ENTITY_FLOOR",
          "id": 17,
        },
      },
      Object {
        "movableEntity": null,
        "staticEntity": Object {
          "entityId": "ENTITY_FLOOR",
          "id": 18,
        },
      },
      Object {
        "movableEntity": null,
        "staticEntity": Object {
          "entityId": "ENTITY_FLOOR",
          "id": 19,
        },
      },
      Object {
        "movableEntity": null,
        "staticEntity": Object {
          "entityId": "ENTITY_FLOOR",
          "id": 20,
        },
      },
      Object {
        "movableEntity": null,
        "staticEntity": Object {
          "entityId": "ENTITY_FLOOR",
          "id": 21,
        },
      },
    ],
    Array [
      Object {
        "movableEntity": null,
        "staticEntity": Object {
          "entityId": "ENTITY_FLOOR",
          "id": 22,
        },
      },
      Object {
        "movableEntity": null,
        "staticEntity": Object {
          "entityId": "ENTITY_FLOOR",
          "id": 23,
        },
      },
      Object {
        "movableEntity": null,
        "staticEntity": Object {
          "entityId": "ENTITY_FLOOR",
          "id": 24,
        },
      },
      Object {
        "movableEntity": null,
        "staticEntity": Object {
          "entityId": "ENTITY_FLOOR",
          "id": 25,
        },
      },
      Object {
        "movableEntity": null,
        "staticEntity": Object {
          "entityId": "ENTITY_FLOOR",
          "id": 26,
        },
      },
    ],
  ],
]
`;

exports[`Movable entity Should move up over free tiles 1`] = `
Array [
  Array [
    Array [
      Object {
        "movableEntity": null,
        "staticEntity": Object {
          "entityId": "ENTITY_FLOOR",
          "id": 1,
        },
      },
      Object {
        "movableEntity": null,
        "staticEntity": Object {
          "entityId": "ENTITY_FLOOR",
          "id": 2,
        },
      },
      Object {
        "movableEntity": null,
        "staticEntity": Object {
          "entityId": "ENTITY_FLOOR",
          "id": 3,
        },
      },
      Object {
        "movableEntity": null,
        "staticEntity": Object {
          "entityId": "ENTITY_FLOOR",
          "id": 4,
        },
      },
      Object {
        "movableEntity": null,
        "staticEntity": Object {
          "entityId": "ENTITY_FLOOR",
          "id": 5,
        },
      },
    ],
    Array [
      Object {
        "movableEntity": null,
        "staticEntity": Object {
          "entityId": "ENTITY_FLOOR",
          "id": 6,
        },
      },
      Object {
        "movableEntity": null,
        "staticEntity": Object {
          "entityId": "ENTITY_FLOOR",
          "id": 7,
        },
      },
      Object {
        "movableEntity": Object {
          "entityId": "ENTITY_BLOCK",
          "id": 13,
        },
        "staticEntity": Object {
          "entityId": "ENTITY_FLOOR",
          "id": 8,
        },
      },
      Object {
        "movableEntity": null,
        "staticEntity": Object {
          "entityId": "ENTITY_FLOOR",
          "id": 9,
        },
      },
      Object {
        "movableEntity": null,
        "staticEntity": Object {
          "entityId": "ENTITY_FLOOR",
          "id": 10,
        },
      },
    ],
    Array [
      Object {
        "movableEntity": null,
        "staticEntity": Object {
          "entityId": "ENTITY_FLOOR",
          "id": 11,
        },
      },
      Object {
        "movableEntity": null,
        "staticEntity": Object {
          "entityId": "ENTITY_FLOOR",
          "id": 12,
        },
      },
      Object {
        "movableEntity": null,
        "staticEntity": Object {
          "entityId": "ENTITY_FLOOR",
          "id": 14,
        },
      },
      Object {
        "movableEntity": null,
        "staticEntity": Object {
          "entityId": "ENTITY_FLOOR",
          "id": 15,
        },
      },
      Object {
        "movableEntity": null,
        "staticEntity": Object {
          "entityId": "ENTITY_FLOOR",
          "id": 16,
        },
      },
    ],
    Array [
      Object {
        "movableEntity": null,
        "staticEntity": Object {
          "entityId": "ENTITY_FLOOR",
          "id": 17,
        },
      },
      Object {
        "movableEntity": null,
        "staticEntity": Object {
          "entityId": "ENTITY_FLOOR",
          "id": 18,
        },
      },
      Object {
        "movableEntity": null,
        "staticEntity": Object {
          "entityId": "ENTITY_FLOOR",
          "id": 19,
        },
      },
      Object {
        "movableEntity": null,
        "staticEntity": Object {
          "entityId": "ENTITY_FLOOR",
          "id": 20,
        },
      },
      Object {
        "movableEntity": null,
        "staticEntity": Object {
          "entityId": "ENTITY_FLOOR",
          "id": 21,
        },
      },
    ],
    Array [
      Object {
        "movableEntity": null,
        "staticEntity": Object {
          "entityId": "ENTITY_FLOOR",
          "id": 22,
        },
      },
      Object {
        "movableEntity": null,
        "staticEntity": Object {
          "entityId": "ENTITY_FLOOR",
          "id": 23,
        },
      },
      Object {
        "movableEntity": null,
        "staticEntity": Object {
          "entityId": "ENTITY_FLOOR",
          "id": 24,
        },
      },
      Object {
        "movableEntity": null,
        "staticEntity": Object {
          "entityId": "ENTITY_FLOOR",
          "id": 25,
        },
      },
      Object {
        "movableEntity": null,
        "staticEntity": Object {
          "entityId": "ENTITY_FLOOR",
          "id": 26,
        },
      },
    ],
  ],
  Array [
    Array [
      Object {
        "movableEntity": null,
        "staticEntity": Object {
          "entityId": "ENTITY_FLOOR",
          "id": 1,
        },
      },
      Object {
        "movableEntity": null,
        "staticEntity": Object {
          "entityId": "ENTITY_FLOOR",
          "id": 2,
        },
      },
      Object {
        "movableEntity": Object {
          "entityId": "ENTITY_BLOCK",
          "id": 13,
        },
        "staticEntity": Object {
          "entityId": "ENTITY_FLOOR",
          "id": 3,
        },
      },
      Object {
        "movableEntity": null,
        "staticEntity": Object {
          "entityId": "ENTITY_FLOOR",
          "id": 4,
        },
      },
      Object {
        "movableEntity": null,
        "staticEntity": Object {
          "entityId": "ENTITY_FLOOR",
          "id": 5,
        },
      },
    ],
    Array [
      Object {
        "movableEntity": null,
        "staticEntity": Object {
          "entityId": "ENTITY_FLOOR",
          "id": 6,
        },
      },
      Object {
        "movableEntity": null,
        "staticEntity": Object {
          "entityId": "ENTITY_FLOOR",
          "id": 7,
        },
      },
      Object {
        "movableEntity": null,
        "staticEntity": Object {
          "entityId": "ENTITY_FLOOR",
          "id": 8,
        },
      },
      Object {
        "movableEntity": null,
        "staticEntity": Object {
          "entityId": "ENTITY_FLOOR",
          "id": 9,
        },
      },
      Object {
        "movableEntity": null,
        "staticEntity": Object {
          "entityId": "ENTITY_FLOOR",
          "id": 10,
        },
      },
    ],
    Array [
      Object {
        "movableEntity": null,
        "staticEntity": Object {
          "entityId": "ENTITY_FLOOR",
          "id": 11,
        },
      },
      Object {
        "movableEntity": null,
        "staticEntity": Object {
          "entityId": "ENTITY_FLOOR",
          "id": 12,
        },
      },
      Object {
        "movableEntity": null,
        "staticEntity": Object {
          "entityId": "ENTITY_FLOOR",
          "id": 14,
        },
      },
      Object {
        "movableEntity": null,
        "staticEntity": Object {
          "entityId": "ENTITY_FLOOR",
          "id": 15,
        },
      },
      Object {
        "movableEntity": null,
        "staticEntity": Object {
          "entityId": "ENTITY_FLOOR",
          "id": 16,
        },
      },
    ],
    Array [
      Object {
        "movableEntity": null,
        "staticEntity": Object {
          "entityId": "ENTITY_FLOOR",
          "id": 17,
        },
      },
      Object {
        "movableEntity": null,
        "staticEntity": Object {
          "entityId": "ENTITY_FLOOR",
          "id": 18,
        },
      },
      Object {
        "movableEntity": null,
        "staticEntity": Object {
          "entityId": "ENTITY_FLOOR",
          "id": 19,
        },
      },
      Object {
        "movableEntity": null,
        "staticEntity": Object {
          "entityId": "ENTITY_FLOOR",
          "id": 20,
        },
      },
      Object {
        "movableEntity": null,
        "staticEntity": Object {
          "entityId": "ENTITY_FLOOR",
          "id": 21,
        },
      },
    ],
    Array [
      Object {
        "movableEntity": null,
        "staticEntity": Object {
          "entityId": "ENTITY_FLOOR",
          "id": 22,
        },
      },
      Object {
        "movableEntity": null,
        "staticEntity": Object {
          "entityId": "ENTITY_FLOOR",
          "id": 23,
        },
      },
      Object {
        "movableEntity": null,
        "staticEntity": Object {
          "entityId": "ENTITY_FLOOR",
          "id": 24,
        },
      },
      Object {
        "movableEntity": null,
        "staticEntity": Object {
          "entityId": "ENTITY_FLOOR",
          "id": 25,
        },
      },
      Object {
        "movableEntity": null,
        "staticEntity": Object {
          "entityId": "ENTITY_FLOOR",
          "id": 26,
        },
      },
    ],
  ],
]
`;
