// Jest Snapshot v1, https://goo.gl/fbAQLP

exports[`Crate entity Should be able to be moved again after each move 1`] = `
Array [
  Array [
    Array [
      Array [
        Object {
          "movableEntity": null,
          "staticEntity": null,
        },
        Object {
          "movableEntity": null,
          "staticEntity": null,
        },
        Object {
          "movableEntity": null,
          "staticEntity": Object {
            "entityId": "FLOOR",
            "id": 2,
          },
        },
        Object {
          "movableEntity": null,
          "staticEntity": null,
        },
      ],
      Array [
        Object {
          "movableEntity": null,
          "staticEntity": null,
        },
        Object {
          "movableEntity": null,
          "staticEntity": Object {
            "entityId": "FLOOR",
            "id": 3,
          },
        },
        Object {
          "movableEntity": Object {
            "color": "#ff0000",
            "entityId": "BLOCK",
            "id": 1,
          },
          "staticEntity": Object {
            "entityId": "FLOOR",
            "id": 5,
          },
        },
        Object {
          "movableEntity": Object {
            "color": "#ff0000",
            "entityId": "BLOCK",
            "id": 6,
          },
          "staticEntity": Object {
            "entityId": "FLOOR",
            "id": 7,
          },
        },
      ],
      Array [
        Object {
          "movableEntity": Object {
            "color": "#0000FF",
            "entityId": "BLOCK",
            "id": 8,
          },
          "staticEntity": Object {
            "entityId": "FLOOR",
            "id": 9,
          },
        },
        Object {
          "movableEntity": null,
          "staticEntity": Object {
            "entityId": "FLOOR",
            "id": 10,
          },
        },
        Object {
          "movableEntity": Object {
            "entityId": "CRATE",
            "id": 4,
            "moved": true,
          },
          "staticEntity": Object {
            "entityId": "FLOOR",
            "id": 11,
          },
        },
        Object {
          "movableEntity": null,
          "staticEntity": null,
        },
      ],
      Array [
        Object {
          "movableEntity": null,
          "staticEntity": null,
        },
        Object {
          "movableEntity": null,
          "staticEntity": null,
        },
        Object {
          "movableEntity": null,
          "staticEntity": Object {
            "entityId": "FLOOR",
            "id": 12,
          },
        },
        Object {
          "movableEntity": null,
          "staticEntity": null,
        },
      ],
      Array [
        Object {
          "movableEntity": null,
          "staticEntity": null,
        },
        Object {
          "movableEntity": null,
          "staticEntity": null,
        },
        Object {
          "movableEntity": Object {
            "color": "#0000FF",
            "entityId": "BLOCK",
            "id": 13,
          },
          "staticEntity": Object {
            "entityId": "FLOOR",
            "id": 14,
          },
        },
        Object {
          "movableEntity": null,
          "staticEntity": null,
        },
      ],
    ],
    Array [
      Array [
        Object {
          "movableEntity": null,
          "staticEntity": null,
        },
        Object {
          "movableEntity": null,
          "staticEntity": null,
        },
        Object {
          "movableEntity": null,
          "staticEntity": Object {
            "entityId": "FLOOR",
            "id": 2,
          },
        },
        Object {
          "movableEntity": null,
          "staticEntity": null,
        },
      ],
      Array [
        Object {
          "movableEntity": null,
          "staticEntity": null,
        },
        Object {
          "movableEntity": null,
          "staticEntity": Object {
            "entityId": "FLOOR",
            "id": 3,
          },
        },
        Object {
          "movableEntity": Object {
            "color": "#ff0000",
            "entityId": "BLOCK",
            "fading": true,
            "id": 1,
          },
          "staticEntity": Object {
            "entityId": "FLOOR",
            "id": 5,
          },
        },
        Object {
          "movableEntity": Object {
            "color": "#ff0000",
            "entityId": "BLOCK",
            "fading": true,
            "id": 6,
          },
          "staticEntity": Object {
            "entityId": "FLOOR",
            "id": 7,
          },
        },
      ],
      Array [
        Object {
          "movableEntity": Object {
            "color": "#0000FF",
            "entityId": "BLOCK",
            "id": 8,
          },
          "staticEntity": Object {
            "entityId": "FLOOR",
            "id": 9,
          },
        },
        Object {
          "movableEntity": null,
          "staticEntity": Object {
            "entityId": "FLOOR",
            "id": 10,
          },
        },
        Object {
          "movableEntity": Object {
            "entityId": "CRATE",
            "id": 4,
            "moved": true,
          },
          "staticEntity": Object {
            "entityId": "FLOOR",
            "id": 11,
          },
        },
        Object {
          "movableEntity": null,
          "staticEntity": null,
        },
      ],
      Array [
        Object {
          "movableEntity": null,
          "staticEntity": null,
        },
        Object {
          "movableEntity": null,
          "staticEntity": null,
        },
        Object {
          "movableEntity": null,
          "staticEntity": Object {
            "entityId": "FLOOR",
            "id": 12,
          },
        },
        Object {
          "movableEntity": null,
          "staticEntity": null,
        },
      ],
      Array [
        Object {
          "movableEntity": null,
          "staticEntity": null,
        },
        Object {
          "movableEntity": null,
          "staticEntity": null,
        },
        Object {
          "movableEntity": Object {
            "color": "#0000FF",
            "entityId": "BLOCK",
            "id": 13,
          },
          "staticEntity": Object {
            "entityId": "FLOOR",
            "id": 14,
          },
        },
        Object {
          "movableEntity": null,
          "staticEntity": null,
        },
      ],
    ],
    Array [
      Array [
        Object {
          "movableEntity": null,
          "staticEntity": null,
        },
        Object {
          "movableEntity": null,
          "staticEntity": null,
        },
        Object {
          "movableEntity": null,
          "staticEntity": Object {
            "entityId": "FLOOR",
            "id": 2,
          },
        },
        Object {
          "movableEntity": null,
          "staticEntity": null,
        },
      ],
      Array [
        Object {
          "movableEntity": null,
          "staticEntity": null,
        },
        Object {
          "movableEntity": null,
          "staticEntity": Object {
            "entityId": "FLOOR",
            "id": 3,
          },
        },
        Object {
          "movableEntity": null,
          "staticEntity": Object {
            "entityId": "FLOOR",
            "id": 5,
          },
        },
        Object {
          "movableEntity": null,
          "staticEntity": Object {
            "entityId": "FLOOR",
            "id": 7,
          },
        },
      ],
      Array [
        Object {
          "movableEntity": Object {
            "color": "#0000FF",
            "entityId": "BLOCK",
            "id": 8,
          },
          "staticEntity": Object {
            "entityId": "FLOOR",
            "id": 9,
          },
        },
        Object {
          "movableEntity": null,
          "staticEntity": Object {
            "entityId": "FLOOR",
            "id": 10,
          },
        },
        Object {
          "movableEntity": Object {
            "entityId": "CRATE",
            "id": 4,
            "moved": true,
          },
          "staticEntity": Object {
            "entityId": "FLOOR",
            "id": 11,
          },
        },
        Object {
          "movableEntity": null,
          "staticEntity": null,
        },
      ],
      Array [
        Object {
          "movableEntity": null,
          "staticEntity": null,
        },
        Object {
          "movableEntity": null,
          "staticEntity": null,
        },
        Object {
          "movableEntity": null,
          "staticEntity": Object {
            "entityId": "FLOOR",
            "id": 12,
          },
        },
        Object {
          "movableEntity": null,
          "staticEntity": null,
        },
      ],
      Array [
        Object {
          "movableEntity": null,
          "staticEntity": null,
        },
        Object {
          "movableEntity": null,
          "staticEntity": null,
        },
        Object {
          "movableEntity": Object {
            "color": "#0000FF",
            "entityId": "BLOCK",
            "id": 13,
          },
          "staticEntity": Object {
            "entityId": "FLOOR",
            "id": 14,
          },
        },
        Object {
          "movableEntity": null,
          "staticEntity": null,
        },
      ],
    ],
    Array [
      Array [
        Object {
          "movableEntity": null,
          "staticEntity": null,
        },
        Object {
          "movableEntity": null,
          "staticEntity": null,
        },
        Object {
          "movableEntity": null,
          "staticEntity": Object {
            "entityId": "FLOOR",
            "id": 2,
          },
        },
        Object {
          "movableEntity": null,
          "staticEntity": null,
        },
      ],
      Array [
        Object {
          "movableEntity": null,
          "staticEntity": null,
        },
        Object {
          "movableEntity": null,
          "staticEntity": Object {
            "entityId": "FLOOR",
            "id": 3,
          },
        },
        Object {
          "movableEntity": null,
          "staticEntity": Object {
            "entityId": "FLOOR",
            "id": 5,
          },
        },
        Object {
          "movableEntity": null,
          "staticEntity": Object {
            "entityId": "FLOOR",
            "id": 7,
          },
        },
      ],
      Array [
        Object {
          "movableEntity": Object {
            "color": "#0000FF",
            "entityId": "BLOCK",
            "id": 8,
          },
          "staticEntity": Object {
            "entityId": "FLOOR",
            "id": 9,
          },
        },
        Object {
          "movableEntity": null,
          "staticEntity": Object {
            "entityId": "FLOOR",
            "id": 10,
          },
        },
        Object {
          "movableEntity": Object {
            "entityId": "CRATE",
            "id": 4,
          },
          "staticEntity": Object {
            "entityId": "FLOOR",
            "id": 11,
          },
        },
        Object {
          "movableEntity": null,
          "staticEntity": null,
        },
      ],
      Array [
        Object {
          "movableEntity": null,
          "staticEntity": null,
        },
        Object {
          "movableEntity": null,
          "staticEntity": null,
        },
        Object {
          "movableEntity": null,
          "staticEntity": Object {
            "entityId": "FLOOR",
            "id": 12,
          },
        },
        Object {
          "movableEntity": null,
          "staticEntity": null,
        },
      ],
      Array [
        Object {
          "movableEntity": null,
          "staticEntity": null,
        },
        Object {
          "movableEntity": null,
          "staticEntity": null,
        },
        Object {
          "movableEntity": Object {
            "color": "#0000FF",
            "entityId": "BLOCK",
            "id": 13,
          },
          "staticEntity": Object {
            "entityId": "FLOOR",
            "id": 14,
          },
        },
        Object {
          "movableEntity": null,
          "staticEntity": null,
        },
      ],
    ],
  ],
  Array [
    Array [
      Array [
        Object {
          "movableEntity": null,
          "staticEntity": null,
        },
        Object {
          "movableEntity": null,
          "staticEntity": null,
        },
        Object {
          "movableEntity": null,
          "staticEntity": Object {
            "entityId": "FLOOR",
            "id": 2,
          },
        },
        Object {
          "movableEntity": null,
          "staticEntity": null,
        },
      ],
      Array [
        Object {
          "movableEntity": null,
          "staticEntity": null,
        },
        Object {
          "movableEntity": null,
          "staticEntity": Object {
            "entityId": "FLOOR",
            "id": 3,
          },
        },
        Object {
          "movableEntity": Object {
            "entityId": "CRATE",
            "id": 4,
            "moved": true,
          },
          "staticEntity": Object {
            "entityId": "FLOOR",
            "id": 5,
          },
        },
        Object {
          "movableEntity": null,
          "staticEntity": Object {
            "entityId": "FLOOR",
            "id": 7,
          },
        },
      ],
      Array [
        Object {
          "movableEntity": Object {
            "color": "#0000FF",
            "entityId": "BLOCK",
            "id": 8,
          },
          "staticEntity": Object {
            "entityId": "FLOOR",
            "id": 9,
          },
        },
        Object {
          "movableEntity": null,
          "staticEntity": Object {
            "entityId": "FLOOR",
            "id": 10,
          },
        },
        Object {
          "movableEntity": null,
          "staticEntity": Object {
            "entityId": "FLOOR",
            "id": 11,
          },
        },
        Object {
          "movableEntity": null,
          "staticEntity": null,
        },
      ],
      Array [
        Object {
          "movableEntity": null,
          "staticEntity": null,
        },
        Object {
          "movableEntity": null,
          "staticEntity": null,
        },
        Object {
          "movableEntity": Object {
            "color": "#0000FF",
            "entityId": "BLOCK",
            "id": 13,
          },
          "staticEntity": Object {
            "entityId": "FLOOR",
            "id": 12,
          },
        },
        Object {
          "movableEntity": null,
          "staticEntity": null,
        },
      ],
      Array [
        Object {
          "movableEntity": null,
          "staticEntity": null,
        },
        Object {
          "movableEntity": null,
          "staticEntity": null,
        },
        Object {
          "movableEntity": null,
          "staticEntity": Object {
            "entityId": "FLOOR",
            "id": 14,
          },
        },
        Object {
          "movableEntity": null,
          "staticEntity": null,
        },
      ],
    ],
    Array [
      Array [
        Object {
          "movableEntity": null,
          "staticEntity": null,
        },
        Object {
          "movableEntity": null,
          "staticEntity": null,
        },
        Object {
          "movableEntity": null,
          "staticEntity": Object {
            "entityId": "FLOOR",
            "id": 2,
          },
        },
        Object {
          "movableEntity": null,
          "staticEntity": null,
        },
      ],
      Array [
        Object {
          "movableEntity": null,
          "staticEntity": null,
        },
        Object {
          "movableEntity": null,
          "staticEntity": Object {
            "entityId": "FLOOR",
            "id": 3,
          },
        },
        Object {
          "movableEntity": Object {
            "entityId": "CRATE",
            "id": 4,
            "moved": true,
          },
          "staticEntity": Object {
            "entityId": "FLOOR",
            "id": 5,
          },
        },
        Object {
          "movableEntity": null,
          "staticEntity": Object {
            "entityId": "FLOOR",
            "id": 7,
          },
        },
      ],
      Array [
        Object {
          "movableEntity": Object {
            "color": "#0000FF",
            "entityId": "BLOCK",
            "id": 8,
          },
          "staticEntity": Object {
            "entityId": "FLOOR",
            "id": 9,
          },
        },
        Object {
          "movableEntity": null,
          "staticEntity": Object {
            "entityId": "FLOOR",
            "id": 10,
          },
        },
        Object {
          "movableEntity": Object {
            "color": "#0000FF",
            "entityId": "BLOCK",
            "id": 13,
          },
          "staticEntity": Object {
            "entityId": "FLOOR",
            "id": 11,
          },
        },
        Object {
          "movableEntity": null,
          "staticEntity": null,
        },
      ],
      Array [
        Object {
          "movableEntity": null,
          "staticEntity": null,
        },
        Object {
          "movableEntity": null,
          "staticEntity": null,
        },
        Object {
          "movableEntity": null,
          "staticEntity": Object {
            "entityId": "FLOOR",
            "id": 12,
          },
        },
        Object {
          "movableEntity": null,
          "staticEntity": null,
        },
      ],
      Array [
        Object {
          "movableEntity": null,
          "staticEntity": null,
        },
        Object {
          "movableEntity": null,
          "staticEntity": null,
        },
        Object {
          "movableEntity": null,
          "staticEntity": Object {
            "entityId": "FLOOR",
            "id": 14,
          },
        },
        Object {
          "movableEntity": null,
          "staticEntity": null,
        },
      ],
    ],
    Array [
      Array [
        Object {
          "movableEntity": null,
          "staticEntity": null,
        },
        Object {
          "movableEntity": null,
          "staticEntity": null,
        },
        Object {
          "movableEntity": null,
          "staticEntity": Object {
            "entityId": "FLOOR",
            "id": 2,
          },
        },
        Object {
          "movableEntity": null,
          "staticEntity": null,
        },
      ],
      Array [
        Object {
          "movableEntity": null,
          "staticEntity": null,
        },
        Object {
          "movableEntity": null,
          "staticEntity": Object {
            "entityId": "FLOOR",
            "id": 3,
          },
        },
        Object {
          "movableEntity": Object {
            "entityId": "CRATE",
            "id": 4,
          },
          "staticEntity": Object {
            "entityId": "FLOOR",
            "id": 5,
          },
        },
        Object {
          "movableEntity": null,
          "staticEntity": Object {
            "entityId": "FLOOR",
            "id": 7,
          },
        },
      ],
      Array [
        Object {
          "movableEntity": Object {
            "color": "#0000FF",
            "entityId": "BLOCK",
            "id": 8,
          },
          "staticEntity": Object {
            "entityId": "FLOOR",
            "id": 9,
          },
        },
        Object {
          "movableEntity": null,
          "staticEntity": Object {
            "entityId": "FLOOR",
            "id": 10,
          },
        },
        Object {
          "movableEntity": Object {
            "color": "#0000FF",
            "entityId": "BLOCK",
            "id": 13,
          },
          "staticEntity": Object {
            "entityId": "FLOOR",
            "id": 11,
          },
        },
        Object {
          "movableEntity": null,
          "staticEntity": null,
        },
      ],
      Array [
        Object {
          "movableEntity": null,
          "staticEntity": null,
        },
        Object {
          "movableEntity": null,
          "staticEntity": null,
        },
        Object {
          "movableEntity": null,
          "staticEntity": Object {
            "entityId": "FLOOR",
            "id": 12,
          },
        },
        Object {
          "movableEntity": null,
          "staticEntity": null,
        },
      ],
      Array [
        Object {
          "movableEntity": null,
          "staticEntity": null,
        },
        Object {
          "movableEntity": null,
          "staticEntity": null,
        },
        Object {
          "movableEntity": null,
          "staticEntity": Object {
            "entityId": "FLOOR",
            "id": 14,
          },
        },
        Object {
          "movableEntity": null,
          "staticEntity": null,
        },
      ],
    ],
  ],
  Array [
    Array [
      Array [
        Object {
          "movableEntity": null,
          "staticEntity": null,
        },
        Object {
          "movableEntity": null,
          "staticEntity": null,
        },
        Object {
          "movableEntity": null,
          "staticEntity": Object {
            "entityId": "FLOOR",
            "id": 2,
          },
        },
        Object {
          "movableEntity": null,
          "staticEntity": null,
        },
      ],
      Array [
        Object {
          "movableEntity": null,
          "staticEntity": null,
        },
        Object {
          "movableEntity": Object {
            "entityId": "CRATE",
            "id": 4,
            "moved": true,
          },
          "staticEntity": Object {
            "entityId": "FLOOR",
            "id": 3,
          },
        },
        Object {
          "movableEntity": null,
          "staticEntity": Object {
            "entityId": "FLOOR",
            "id": 5,
          },
        },
        Object {
          "movableEntity": null,
          "staticEntity": Object {
            "entityId": "FLOOR",
            "id": 7,
          },
        },
      ],
      Array [
        Object {
          "movableEntity": Object {
            "color": "#0000FF",
            "entityId": "BLOCK",
            "id": 8,
          },
          "staticEntity": Object {
            "entityId": "FLOOR",
            "id": 9,
          },
        },
        Object {
          "movableEntity": Object {
            "color": "#0000FF",
            "entityId": "BLOCK",
            "id": 13,
          },
          "staticEntity": Object {
            "entityId": "FLOOR",
            "id": 10,
          },
        },
        Object {
          "movableEntity": null,
          "staticEntity": Object {
            "entityId": "FLOOR",
            "id": 11,
          },
        },
        Object {
          "movableEntity": null,
          "staticEntity": null,
        },
      ],
      Array [
        Object {
          "movableEntity": null,
          "staticEntity": null,
        },
        Object {
          "movableEntity": null,
          "staticEntity": null,
        },
        Object {
          "movableEntity": null,
          "staticEntity": Object {
            "entityId": "FLOOR",
            "id": 12,
          },
        },
        Object {
          "movableEntity": null,
          "staticEntity": null,
        },
      ],
      Array [
        Object {
          "movableEntity": null,
          "staticEntity": null,
        },
        Object {
          "movableEntity": null,
          "staticEntity": null,
        },
        Object {
          "movableEntity": null,
          "staticEntity": Object {
            "entityId": "FLOOR",
            "id": 14,
          },
        },
        Object {
          "movableEntity": null,
          "staticEntity": null,
        },
      ],
    ],
    Array [
      Array [
        Object {
          "movableEntity": null,
          "staticEntity": null,
        },
        Object {
          "movableEntity": null,
          "staticEntity": null,
        },
        Object {
          "movableEntity": null,
          "staticEntity": Object {
            "entityId": "FLOOR",
            "id": 2,
          },
        },
        Object {
          "movableEntity": null,
          "staticEntity": null,
        },
      ],
      Array [
        Object {
          "movableEntity": null,
          "staticEntity": null,
        },
        Object {
          "movableEntity": Object {
            "entityId": "CRATE",
            "id": 4,
            "moved": true,
          },
          "staticEntity": Object {
            "entityId": "FLOOR",
            "id": 3,
          },
        },
        Object {
          "movableEntity": null,
          "staticEntity": Object {
            "entityId": "FLOOR",
            "id": 5,
          },
        },
        Object {
          "movableEntity": null,
          "staticEntity": Object {
            "entityId": "FLOOR",
            "id": 7,
          },
        },
      ],
      Array [
        Object {
          "movableEntity": Object {
            "color": "#0000FF",
            "entityId": "BLOCK",
            "fading": true,
            "id": 8,
          },
          "staticEntity": Object {
            "entityId": "FLOOR",
            "id": 9,
          },
        },
        Object {
          "movableEntity": Object {
            "color": "#0000FF",
            "entityId": "BLOCK",
            "fading": true,
            "id": 13,
          },
          "staticEntity": Object {
            "entityId": "FLOOR",
            "id": 10,
          },
        },
        Object {
          "movableEntity": null,
          "staticEntity": Object {
            "entityId": "FLOOR",
            "id": 11,
          },
        },
        Object {
          "movableEntity": null,
          "staticEntity": null,
        },
      ],
      Array [
        Object {
          "movableEntity": null,
          "staticEntity": null,
        },
        Object {
          "movableEntity": null,
          "staticEntity": null,
        },
        Object {
          "movableEntity": null,
          "staticEntity": Object {
            "entityId": "FLOOR",
            "id": 12,
          },
        },
        Object {
          "movableEntity": null,
          "staticEntity": null,
        },
      ],
      Array [
        Object {
          "movableEntity": null,
          "staticEntity": null,
        },
        Object {
          "movableEntity": null,
          "staticEntity": null,
        },
        Object {
          "movableEntity": null,
          "staticEntity": Object {
            "entityId": "FLOOR",
            "id": 14,
          },
        },
        Object {
          "movableEntity": null,
          "staticEntity": null,
        },
      ],
    ],
    Array [
      Array [
        Object {
          "movableEntity": null,
          "staticEntity": null,
        },
        Object {
          "movableEntity": null,
          "staticEntity": null,
        },
        Object {
          "movableEntity": null,
          "staticEntity": Object {
            "entityId": "FLOOR",
            "id": 2,
          },
        },
        Object {
          "movableEntity": null,
          "staticEntity": null,
        },
      ],
      Array [
        Object {
          "movableEntity": null,
          "staticEntity": null,
        },
        Object {
          "movableEntity": Object {
            "entityId": "CRATE",
            "id": 4,
            "moved": true,
          },
          "staticEntity": Object {
            "entityId": "FLOOR",
            "id": 3,
          },
        },
        Object {
          "movableEntity": null,
          "staticEntity": Object {
            "entityId": "FLOOR",
            "id": 5,
          },
        },
        Object {
          "movableEntity": null,
          "staticEntity": Object {
            "entityId": "FLOOR",
            "id": 7,
          },
        },
      ],
      Array [
        Object {
          "movableEntity": null,
          "staticEntity": Object {
            "entityId": "FLOOR",
            "id": 9,
          },
        },
        Object {
          "movableEntity": null,
          "staticEntity": Object {
            "entityId": "FLOOR",
            "id": 10,
          },
        },
        Object {
          "movableEntity": null,
          "staticEntity": Object {
            "entityId": "FLOOR",
            "id": 11,
          },
        },
        Object {
          "movableEntity": null,
          "staticEntity": null,
        },
      ],
      Array [
        Object {
          "movableEntity": null,
          "staticEntity": null,
        },
        Object {
          "movableEntity": null,
          "staticEntity": null,
        },
        Object {
          "movableEntity": null,
          "staticEntity": Object {
            "entityId": "FLOOR",
            "id": 12,
          },
        },
        Object {
          "movableEntity": null,
          "staticEntity": null,
        },
      ],
      Array [
        Object {
          "movableEntity": null,
          "staticEntity": null,
        },
        Object {
          "movableEntity": null,
          "staticEntity": null,
        },
        Object {
          "movableEntity": null,
          "staticEntity": Object {
            "entityId": "FLOOR",
            "id": 14,
          },
        },
        Object {
          "movableEntity": null,
          "staticEntity": null,
        },
      ],
    ],
    Array [
      Array [
        Object {
          "movableEntity": null,
          "staticEntity": null,
        },
        Object {
          "movableEntity": null,
          "staticEntity": null,
        },
        Object {
          "movableEntity": null,
          "staticEntity": Object {
            "entityId": "FLOOR",
            "id": 2,
          },
        },
        Object {
          "movableEntity": null,
          "staticEntity": null,
        },
      ],
      Array [
        Object {
          "movableEntity": null,
          "staticEntity": null,
        },
        Object {
          "movableEntity": Object {
            "entityId": "CRATE",
            "id": 4,
          },
          "staticEntity": Object {
            "entityId": "FLOOR",
            "id": 3,
          },
        },
        Object {
          "movableEntity": null,
          "staticEntity": Object {
            "entityId": "FLOOR",
            "id": 5,
          },
        },
        Object {
          "movableEntity": null,
          "staticEntity": Object {
            "entityId": "FLOOR",
            "id": 7,
          },
        },
      ],
      Array [
        Object {
          "movableEntity": null,
          "staticEntity": Object {
            "entityId": "FLOOR",
            "id": 9,
          },
        },
        Object {
          "movableEntity": null,
          "staticEntity": Object {
            "entityId": "FLOOR",
            "id": 10,
          },
        },
        Object {
          "movableEntity": null,
          "staticEntity": Object {
            "entityId": "FLOOR",
            "id": 11,
          },
        },
        Object {
          "movableEntity": null,
          "staticEntity": null,
        },
      ],
      Array [
        Object {
          "movableEntity": null,
          "staticEntity": null,
        },
        Object {
          "movableEntity": null,
          "staticEntity": null,
        },
        Object {
          "movableEntity": null,
          "staticEntity": Object {
            "entityId": "FLOOR",
            "id": 12,
          },
        },
        Object {
          "movableEntity": null,
          "staticEntity": null,
        },
      ],
      Array [
        Object {
          "movableEntity": null,
          "staticEntity": null,
        },
        Object {
          "movableEntity": null,
          "staticEntity": null,
        },
        Object {
          "movableEntity": null,
          "staticEntity": Object {
            "entityId": "FLOOR",
            "id": 14,
          },
        },
        Object {
          "movableEntity": null,
          "staticEntity": null,
        },
      ],
    ],
  ],
]
`;

exports[`Crate entity Should move to unoccupied tiles 1`] = `
Array [
  Array [
    Array [
      Object {
        "movableEntity": null,
        "staticEntity": Object {
          "entityId": "FLOOR",
          "id": 2,
        },
      },
      Object {
        "movableEntity": null,
        "staticEntity": Object {
          "entityId": "FLOOR",
          "id": 4,
        },
      },
    ],
    Array [
      Object {
        "movableEntity": Object {
          "entityId": "CRATE",
          "id": 1,
          "moved": true,
        },
        "staticEntity": Object {
          "entityId": "FLOOR",
          "id": 5,
        },
      },
      Object {
        "movableEntity": Object {
          "color": "#ff0000",
          "entityId": "BLOCK",
          "id": 3,
        },
        "staticEntity": Object {
          "entityId": "FLOOR",
          "id": 6,
        },
      },
    ],
  ],
  Array [
    Array [
      Object {
        "movableEntity": null,
        "staticEntity": Object {
          "entityId": "FLOOR",
          "id": 2,
        },
      },
      Object {
        "movableEntity": null,
        "staticEntity": Object {
          "entityId": "FLOOR",
          "id": 4,
        },
      },
    ],
    Array [
      Object {
        "movableEntity": Object {
          "entityId": "CRATE",
          "id": 1,
        },
        "staticEntity": Object {
          "entityId": "FLOOR",
          "id": 5,
        },
      },
      Object {
        "movableEntity": Object {
          "color": "#ff0000",
          "entityId": "BLOCK",
          "id": 3,
        },
        "staticEntity": Object {
          "entityId": "FLOOR",
          "id": 6,
        },
      },
    ],
  ],
]
`;

exports[`Crate entity Should only move once during a move 1`] = `
Array [
  Array [
    Array [
      Object {
        "movableEntity": null,
        "staticEntity": Object {
          "entityId": "FLOOR",
          "id": 2,
        },
      },
      Object {
        "movableEntity": null,
        "staticEntity": null,
      },
    ],
    Array [
      Object {
        "movableEntity": Object {
          "color": "#ff0000",
          "entityId": "BLOCK",
          "id": 1,
        },
        "staticEntity": Object {
          "entityId": "FLOOR",
          "id": 4,
        },
      },
      Object {
        "movableEntity": null,
        "staticEntity": null,
      },
    ],
    Array [
      Object {
        "movableEntity": Object {
          "entityId": "CRATE",
          "id": 3,
          "moved": true,
        },
        "staticEntity": Object {
          "entityId": "FLOOR",
          "id": 5,
        },
      },
      Object {
        "movableEntity": Object {
          "color": "#ff0000",
          "entityId": "BLOCK",
          "id": 6,
        },
        "staticEntity": Object {
          "entityId": "FLOOR",
          "id": 7,
        },
      },
    ],
    Array [
      Object {
        "movableEntity": null,
        "staticEntity": Object {
          "entityId": "FLOOR",
          "id": 8,
        },
      },
      Object {
        "movableEntity": null,
        "staticEntity": null,
      },
    ],
  ],
  Array [
    Array [
      Object {
        "movableEntity": null,
        "staticEntity": Object {
          "entityId": "FLOOR",
          "id": 2,
        },
      },
      Object {
        "movableEntity": null,
        "staticEntity": null,
      },
    ],
    Array [
      Object {
        "movableEntity": Object {
          "color": "#ff0000",
          "entityId": "BLOCK",
          "id": 1,
        },
        "staticEntity": Object {
          "entityId": "FLOOR",
          "id": 4,
        },
      },
      Object {
        "movableEntity": null,
        "staticEntity": null,
      },
    ],
    Array [
      Object {
        "movableEntity": Object {
          "entityId": "CRATE",
          "id": 3,
        },
        "staticEntity": Object {
          "entityId": "FLOOR",
          "id": 5,
        },
      },
      Object {
        "movableEntity": Object {
          "color": "#ff0000",
          "entityId": "BLOCK",
          "id": 6,
        },
        "staticEntity": Object {
          "entityId": "FLOOR",
          "id": 7,
        },
      },
    ],
    Array [
      Object {
        "movableEntity": null,
        "staticEntity": Object {
          "entityId": "FLOOR",
          "id": 8,
        },
      },
      Object {
        "movableEntity": null,
        "staticEntity": null,
      },
    ],
  ],
]
`;
