// Jest Snapshot v1, https://goo.gl/fbAQLP

exports[`Crusher entity Should crush a single movable entity 1`] = `
Array [
  Array [
    Array [
      Object {
        "movableEntity": Object {
          "color": "#ff0000",
          "entityId": "BLOCK",
          "id": 1,
        },
        "staticEntity": Object {
          "entityId": "FLOOR",
          "id": 2,
        },
      },
    ],
    Array [
      Object {
        "movableEntity": Object {
          "entityId": "CRUSHER",
          "id": 4,
        },
        "staticEntity": Object {
          "entityId": "FLOOR",
          "id": 3,
        },
      },
    ],
    Array [
      Object {
        "movableEntity": null,
        "staticEntity": Object {
          "entityId": "FLOOR",
          "id": 5,
        },
      },
    ],
  ],
  Array [
    Array [
      Object {
        "movableEntity": Object {
          "entityId": "CRUSHER",
          "id": 4,
        },
        "staticEntity": Object {
          "entityId": "FLOOR",
          "id": 2,
        },
      },
    ],
    Array [
      Object {
        "movableEntity": null,
        "staticEntity": Object {
          "entityId": "FLOOR",
          "id": 3,
        },
      },
    ],
    Array [
      Object {
        "movableEntity": null,
        "staticEntity": Object {
          "entityId": "FLOOR",
          "id": 5,
        },
      },
    ],
  ],
]
`;

exports[`Crusher entity Should crush movable entities that move in to it 1`] = `
Array [
  Array [
    Array [
      Object {
        "movableEntity": null,
        "staticEntity": Object {
          "entityId": "FLOOR",
          "id": 2,
        },
      },
    ],
    Array [
      Object {
        "movableEntity": Object {
          "color": "#0000FF",
          "entityId": "BLOCK",
          "id": 1,
        },
        "staticEntity": Object {
          "entityId": "FLOOR",
          "id": 4,
        },
      },
    ],
    Array [
      Object {
        "movableEntity": Object {
          "color": "#FFE4E1",
          "entityId": "BLOCK",
          "id": 3,
        },
        "staticEntity": Object {
          "entityId": "FLOOR",
          "id": 6,
        },
      },
    ],
    Array [
      Object {
        "movableEntity": Object {
          "entityId": "CRUSHER",
          "id": 7,
        },
        "staticEntity": Object {
          "entityId": "FLOOR",
          "id": 8,
        },
      },
    ],
  ],
  Array [
    Array [
      Object {
        "movableEntity": null,
        "staticEntity": Object {
          "entityId": "FLOOR",
          "id": 2,
        },
      },
    ],
    Array [
      Object {
        "movableEntity": null,
        "staticEntity": Object {
          "entityId": "FLOOR",
          "id": 4,
        },
      },
    ],
    Array [
      Object {
        "movableEntity": Object {
          "color": "#0000FF",
          "entityId": "BLOCK",
          "id": 1,
        },
        "staticEntity": Object {
          "entityId": "FLOOR",
          "id": 6,
        },
      },
    ],
    Array [
      Object {
        "movableEntity": Object {
          "entityId": "CRUSHER",
          "id": 7,
        },
        "staticEntity": Object {
          "entityId": "FLOOR",
          "id": 8,
        },
      },
    ],
  ],
  Array [
    Array [
      Object {
        "movableEntity": null,
        "staticEntity": Object {
          "entityId": "FLOOR",
          "id": 2,
        },
      },
    ],
    Array [
      Object {
        "movableEntity": null,
        "staticEntity": Object {
          "entityId": "FLOOR",
          "id": 4,
        },
      },
    ],
    Array [
      Object {
        "movableEntity": null,
        "staticEntity": Object {
          "entityId": "FLOOR",
          "id": 6,
        },
      },
    ],
    Array [
      Object {
        "movableEntity": Object {
          "entityId": "CRUSHER",
          "id": 7,
        },
        "staticEntity": Object {
          "entityId": "FLOOR",
          "id": 8,
        },
      },
    ],
  ],
]
`;

exports[`Crusher entity Should crush multiple movable entities 1`] = `
Array [
  Array [
    Array [
      Object {
        "movableEntity": Object {
          "entityId": "GLASS",
          "id": 1,
        },
        "staticEntity": Object {
          "entityId": "FLOOR",
          "id": 2,
        },
      },
    ],
    Array [
      Object {
        "movableEntity": Object {
          "entityId": "SMART_BOMB",
          "id": 3,
        },
        "staticEntity": Object {
          "entityId": "FLOOR",
          "id": 4,
        },
      },
    ],
    Array [
      Object {
        "movableEntity": Object {
          "entityId": "CRATE",
          "id": 5,
        },
        "staticEntity": Object {
          "entityId": "FLOOR",
          "id": 6,
        },
      },
    ],
    Array [
      Object {
        "movableEntity": Object {
          "color": "#ff0000",
          "entityId": "BLOCK",
          "id": 7,
        },
        "staticEntity": Object {
          "entityId": "FLOOR",
          "id": 8,
        },
      },
    ],
    Array [
      Object {
        "movableEntity": Object {
          "entityId": "CRUSHER",
          "id": 10,
        },
        "staticEntity": Object {
          "entityId": "FLOOR",
          "id": 9,
        },
      },
    ],
    Array [
      Object {
        "movableEntity": null,
        "staticEntity": Object {
          "entityId": "FLOOR",
          "id": 11,
        },
      },
    ],
  ],
  Array [
    Array [
      Object {
        "movableEntity": Object {
          "entityId": "GLASS",
          "id": 1,
        },
        "staticEntity": Object {
          "entityId": "FLOOR",
          "id": 2,
        },
      },
    ],
    Array [
      Object {
        "movableEntity": Object {
          "entityId": "SMART_BOMB",
          "id": 3,
        },
        "staticEntity": Object {
          "entityId": "FLOOR",
          "id": 4,
        },
      },
    ],
    Array [
      Object {
        "movableEntity": Object {
          "entityId": "CRATE",
          "id": 5,
        },
        "staticEntity": Object {
          "entityId": "FLOOR",
          "id": 6,
        },
      },
    ],
    Array [
      Object {
        "movableEntity": Object {
          "entityId": "CRUSHER",
          "id": 10,
        },
        "staticEntity": Object {
          "entityId": "FLOOR",
          "id": 8,
        },
      },
    ],
    Array [
      Object {
        "movableEntity": null,
        "staticEntity": Object {
          "entityId": "FLOOR",
          "id": 9,
        },
      },
    ],
    Array [
      Object {
        "movableEntity": null,
        "staticEntity": Object {
          "entityId": "FLOOR",
          "id": 11,
        },
      },
    ],
  ],
  Array [
    Array [
      Object {
        "movableEntity": Object {
          "entityId": "GLASS",
          "id": 1,
        },
        "staticEntity": Object {
          "entityId": "FLOOR",
          "id": 2,
        },
      },
    ],
    Array [
      Object {
        "movableEntity": Object {
          "entityId": "SMART_BOMB",
          "id": 3,
        },
        "staticEntity": Object {
          "entityId": "FLOOR",
          "id": 4,
        },
      },
    ],
    Array [
      Object {
        "movableEntity": Object {
          "entityId": "CRUSHER",
          "id": 10,
        },
        "staticEntity": Object {
          "entityId": "FLOOR",
          "id": 6,
        },
      },
    ],
    Array [
      Object {
        "movableEntity": null,
        "staticEntity": Object {
          "entityId": "FLOOR",
          "id": 8,
        },
      },
    ],
    Array [
      Object {
        "movableEntity": null,
        "staticEntity": Object {
          "entityId": "FLOOR",
          "id": 9,
        },
      },
    ],
    Array [
      Object {
        "movableEntity": null,
        "staticEntity": Object {
          "entityId": "FLOOR",
          "id": 11,
        },
      },
    ],
  ],
  Array [
    Array [
      Object {
        "movableEntity": Object {
          "entityId": "GLASS",
          "id": 1,
        },
        "staticEntity": Object {
          "entityId": "FLOOR",
          "id": 2,
        },
      },
    ],
    Array [
      Object {
        "movableEntity": Object {
          "entityId": "CRUSHER",
          "id": 10,
        },
        "staticEntity": Object {
          "entityId": "FLOOR",
          "id": 4,
        },
      },
    ],
    Array [
      Object {
        "movableEntity": null,
        "staticEntity": Object {
          "entityId": "FLOOR",
          "id": 6,
        },
      },
    ],
    Array [
      Object {
        "movableEntity": null,
        "staticEntity": Object {
          "entityId": "FLOOR",
          "id": 8,
        },
      },
    ],
    Array [
      Object {
        "movableEntity": null,
        "staticEntity": Object {
          "entityId": "FLOOR",
          "id": 9,
        },
      },
    ],
    Array [
      Object {
        "movableEntity": null,
        "staticEntity": Object {
          "entityId": "FLOOR",
          "id": 11,
        },
      },
    ],
  ],
  Array [
    Array [
      Object {
        "movableEntity": Object {
          "entityId": "CRUSHER",
          "id": 10,
        },
        "staticEntity": Object {
          "entityId": "FLOOR",
          "id": 2,
        },
      },
    ],
    Array [
      Object {
        "movableEntity": null,
        "staticEntity": Object {
          "entityId": "FLOOR",
          "id": 4,
        },
      },
    ],
    Array [
      Object {
        "movableEntity": null,
        "staticEntity": Object {
          "entityId": "FLOOR",
          "id": 6,
        },
      },
    ],
    Array [
      Object {
        "movableEntity": null,
        "staticEntity": Object {
          "entityId": "FLOOR",
          "id": 8,
        },
      },
    ],
    Array [
      Object {
        "movableEntity": null,
        "staticEntity": Object {
          "entityId": "FLOOR",
          "id": 9,
        },
      },
    ],
    Array [
      Object {
        "movableEntity": null,
        "staticEntity": Object {
          "entityId": "FLOOR",
          "id": 11,
        },
      },
    ],
  ],
]
`;

exports[`Crusher entity Should not crush entities while stuck 1`] = `
Array [
  Array [
    Array [
      Object {
        "movableEntity": null,
        "staticEntity": Object {
          "entityId": "FLOOR",
          "id": 2,
        },
      },
      Object {
        "movableEntity": Object {
          "entityId": "CRUSHER",
          "id": 1,
          "stuck": true,
        },
        "staticEntity": Object {
          "entityId": "STICKY_SPOT",
          "id": 3,
        },
      },
      Object {
        "movableEntity": Object {
          "color": "#ff0000",
          "entityId": "BLOCK",
          "id": 4,
        },
        "staticEntity": Object {
          "entityId": "FLOOR",
          "id": 5,
        },
      },
    ],
  ],
]
`;

exports[`Crusher entity Should not crush static entities 1`] = `
Array [
  Array [
    Array [
      Object {
        "movableEntity": Object {
          "color": "#800080",
          "entityId": "BLOCK",
          "id": 1,
        },
        "staticEntity": Object {
          "entityId": "FLOOR",
          "id": 2,
        },
      },
    ],
    Array [
      Object {
        "movableEntity": null,
        "staticEntity": Object {
          "entityId": "STICKY_SPOT",
          "id": 3,
        },
      },
    ],
    Array [
      Object {
        "movableEntity": null,
        "staticEntity": Object {
          "direction": "MOVE_UP",
          "entityId": "GRAVITY_CHANGER",
          "id": 4,
        },
      },
    ],
    Array [
      Object {
        "movableEntity": Object {
          "entityId": "CRUSHER",
          "id": 6,
        },
        "staticEntity": Object {
          "entityId": "COLOR_CHANGER",
          "id": 5,
          "targetEntity": Object {
            "color": "#ff0000",
            "entityId": "BLOCK",
          },
        },
      },
    ],
    Array [
      Object {
        "movableEntity": null,
        "staticEntity": Object {
          "entityId": "FLOOR",
          "id": 7,
        },
      },
    ],
  ],
  Array [
    Array [
      Object {
        "movableEntity": Object {
          "color": "#800080",
          "entityId": "BLOCK",
          "id": 1,
        },
        "staticEntity": Object {
          "entityId": "FLOOR",
          "id": 2,
        },
      },
    ],
    Array [
      Object {
        "movableEntity": null,
        "staticEntity": Object {
          "entityId": "STICKY_SPOT",
          "id": 3,
        },
      },
    ],
    Array [
      Object {
        "movableEntity": Object {
          "entityId": "CRUSHER",
          "id": 6,
        },
        "staticEntity": Object {
          "direction": "MOVE_UP",
          "entityId": "GRAVITY_CHANGER",
          "id": 4,
        },
      },
    ],
    Array [
      Object {
        "movableEntity": null,
        "staticEntity": Object {
          "entityId": "COLOR_CHANGER",
          "id": 5,
          "targetEntity": Object {
            "color": "#ff0000",
            "entityId": "BLOCK",
          },
        },
      },
    ],
    Array [
      Object {
        "movableEntity": null,
        "staticEntity": Object {
          "entityId": "FLOOR",
          "id": 7,
        },
      },
    ],
  ],
  Array [
    Array [
      Object {
        "movableEntity": Object {
          "color": "#800080",
          "entityId": "BLOCK",
          "id": 1,
        },
        "staticEntity": Object {
          "entityId": "FLOOR",
          "id": 2,
        },
      },
    ],
    Array [
      Object {
        "movableEntity": Object {
          "entityId": "CRUSHER",
          "id": 6,
          "stuck": true,
        },
        "staticEntity": Object {
          "entityId": "STICKY_SPOT",
          "id": 3,
        },
      },
    ],
    Array [
      Object {
        "movableEntity": null,
        "staticEntity": Object {
          "direction": "MOVE_UP",
          "entityId": "GRAVITY_CHANGER",
          "id": 4,
        },
      },
    ],
    Array [
      Object {
        "movableEntity": null,
        "staticEntity": Object {
          "entityId": "COLOR_CHANGER",
          "id": 5,
          "targetEntity": Object {
            "color": "#ff0000",
            "entityId": "BLOCK",
          },
        },
      },
    ],
    Array [
      Object {
        "movableEntity": null,
        "staticEntity": Object {
          "entityId": "FLOOR",
          "id": 7,
        },
      },
    ],
  ],
]
`;

exports[`Crusher entity Should not let stuck entities fall into it 1`] = `
Array [
  Array [
    Array [
      Object {
        "movableEntity": null,
        "staticEntity": Object {
          "entityId": "FLOOR",
          "id": 2,
        },
      },
      Object {
        "movableEntity": Object {
          "entityId": "CRATE",
          "id": 1,
          "moved": true,
        },
        "staticEntity": Object {
          "entityId": "FLOOR",
          "id": 3,
        },
      },
      Object {
        "movableEntity": Object {
          "entityId": "CRUSHER",
          "id": 4,
        },
        "staticEntity": Object {
          "entityId": "FLOOR",
          "id": 5,
        },
      },
    ],
    Array [
      Object {
        "movableEntity": null,
        "staticEntity": Object {
          "entityId": "FLOOR",
          "id": 7,
        },
      },
      Object {
        "movableEntity": Object {
          "color": "#ff0000",
          "entityId": "BLOCK",
          "id": 6,
          "stuck": true,
        },
        "staticEntity": Object {
          "entityId": "STICKY_SPOT",
          "id": 8,
        },
      },
      Object {
        "movableEntity": Object {
          "entityId": "CRUSHER",
          "id": 9,
        },
        "staticEntity": Object {
          "entityId": "FLOOR",
          "id": 10,
        },
      },
    ],
  ],
  Array [
    Array [
      Object {
        "movableEntity": null,
        "staticEntity": Object {
          "entityId": "FLOOR",
          "id": 2,
        },
      },
      Object {
        "movableEntity": Object {
          "entityId": "CRATE",
          "id": 1,
        },
        "staticEntity": Object {
          "entityId": "FLOOR",
          "id": 3,
        },
      },
      Object {
        "movableEntity": Object {
          "entityId": "CRUSHER",
          "id": 4,
        },
        "staticEntity": Object {
          "entityId": "FLOOR",
          "id": 5,
        },
      },
    ],
    Array [
      Object {
        "movableEntity": null,
        "staticEntity": Object {
          "entityId": "FLOOR",
          "id": 7,
        },
      },
      Object {
        "movableEntity": Object {
          "color": "#ff0000",
          "entityId": "BLOCK",
          "id": 6,
          "stuck": true,
        },
        "staticEntity": Object {
          "entityId": "STICKY_SPOT",
          "id": 8,
        },
      },
      Object {
        "movableEntity": Object {
          "entityId": "CRUSHER",
          "id": 9,
        },
        "staticEntity": Object {
          "entityId": "FLOOR",
          "id": 10,
        },
      },
    ],
  ],
]
`;
