// Jest Snapshot v1, https://goo.gl/fbAQLP

exports[`Level 19 Matches the correct snapshot 1`] = `
Array [
  Array [
    Array [
      Array [
        Object {
          "movableEntity": null,
          "staticEntity": Object {
            "entityId": "FLOOR",
            "id": 2,
          },
        },
        Object {
          "movableEntity": null,
          "staticEntity": null,
        },
        Object {
          "movableEntity": null,
          "staticEntity": null,
        },
        Object {
          "movableEntity": null,
          "staticEntity": null,
        },
      ],
      Array [
        Object {
          "movableEntity": Object {
            "color": "#ff0000",
            "entityId": "BLOCK",
            "id": 1,
          },
          "staticEntity": Object {
            "entityId": "COLOR_CHANGER",
            "id": 3,
            "targetEntity": Object {
              "color": "#ff0000",
              "entityId": "BLOCK",
            },
          },
        },
        Object {
          "movableEntity": null,
          "staticEntity": Object {
            "entityId": "FLOOR",
            "id": 5,
          },
        },
        Object {
          "movableEntity": null,
          "staticEntity": null,
        },
        Object {
          "movableEntity": null,
          "staticEntity": null,
        },
      ],
      Array [
        Object {
          "movableEntity": null,
          "staticEntity": Object {
            "entityId": "FLOOR",
            "id": 6,
          },
        },
        Object {
          "movableEntity": Object {
            "color": "#FF8C00",
            "entityId": "BLOCK",
            "id": 4,
          },
          "staticEntity": Object {
            "entityId": "FLOOR",
            "id": 7,
          },
        },
        Object {
          "movableEntity": null,
          "staticEntity": Object {
            "entityId": "COLOR_CHANGER",
            "id": 8,
            "targetEntity": Object {
              "color": "#800080",
              "entityId": "BLOCK",
            },
          },
        },
        Object {
          "movableEntity": null,
          "staticEntity": Object {
            "entityId": "FLOOR",
            "id": 9,
          },
        },
      ],
    ],
    Array [
      Array [
        Object {
          "movableEntity": null,
          "staticEntity": Object {
            "entityId": "FLOOR",
            "id": 2,
          },
        },
        Object {
          "movableEntity": null,
          "staticEntity": null,
        },
        Object {
          "movableEntity": null,
          "staticEntity": null,
        },
        Object {
          "movableEntity": null,
          "staticEntity": null,
        },
      ],
      Array [
        Object {
          "movableEntity": null,
          "staticEntity": Object {
            "entityId": "COLOR_CHANGER",
            "id": 3,
            "targetEntity": Object {
              "color": "#ff0000",
              "entityId": "BLOCK",
            },
          },
        },
        Object {
          "movableEntity": null,
          "staticEntity": Object {
            "entityId": "FLOOR",
            "id": 5,
          },
        },
        Object {
          "movableEntity": null,
          "staticEntity": null,
        },
        Object {
          "movableEntity": null,
          "staticEntity": null,
        },
      ],
      Array [
        Object {
          "movableEntity": Object {
            "color": "#ff0000",
            "entityId": "BLOCK",
            "id": 1,
          },
          "staticEntity": Object {
            "entityId": "FLOOR",
            "id": 6,
          },
        },
        Object {
          "movableEntity": Object {
            "color": "#FF8C00",
            "entityId": "BLOCK",
            "id": 4,
          },
          "staticEntity": Object {
            "entityId": "FLOOR",
            "id": 7,
          },
        },
        Object {
          "movableEntity": null,
          "staticEntity": Object {
            "entityId": "COLOR_CHANGER",
            "id": 8,
            "targetEntity": Object {
              "color": "#800080",
              "entityId": "BLOCK",
            },
          },
        },
        Object {
          "movableEntity": null,
          "staticEntity": Object {
            "entityId": "FLOOR",
            "id": 9,
          },
        },
      ],
    ],
  ],
  Array [
    Array [
      Array [
        Object {
          "movableEntity": null,
          "staticEntity": Object {
            "entityId": "FLOOR",
            "id": 2,
          },
        },
        Object {
          "movableEntity": null,
          "staticEntity": null,
        },
        Object {
          "movableEntity": null,
          "staticEntity": null,
        },
        Object {
          "movableEntity": null,
          "staticEntity": null,
        },
      ],
      Array [
        Object {
          "movableEntity": null,
          "staticEntity": Object {
            "entityId": "COLOR_CHANGER",
            "id": 3,
            "targetEntity": Object {
              "color": "#ff0000",
              "entityId": "BLOCK",
            },
          },
        },
        Object {
          "movableEntity": null,
          "staticEntity": Object {
            "entityId": "FLOOR",
            "id": 5,
          },
        },
        Object {
          "movableEntity": null,
          "staticEntity": null,
        },
        Object {
          "movableEntity": null,
          "staticEntity": null,
        },
      ],
      Array [
        Object {
          "movableEntity": null,
          "staticEntity": Object {
            "entityId": "FLOOR",
            "id": 6,
          },
        },
        Object {
          "movableEntity": Object {
            "color": "#ff0000",
            "entityId": "BLOCK",
            "id": 1,
          },
          "staticEntity": Object {
            "entityId": "FLOOR",
            "id": 7,
          },
        },
        Object {
          "movableEntity": Object {
            "color": "#800080",
            "entityId": "BLOCK",
            "id": 4,
          },
          "staticEntity": Object {
            "entityId": "COLOR_CHANGER",
            "id": 8,
            "targetEntity": Object {
              "color": "#800080",
              "entityId": "BLOCK",
            },
          },
        },
        Object {
          "movableEntity": null,
          "staticEntity": Object {
            "entityId": "FLOOR",
            "id": 9,
          },
        },
      ],
    ],
    Array [
      Array [
        Object {
          "movableEntity": null,
          "staticEntity": Object {
            "entityId": "FLOOR",
            "id": 2,
          },
        },
        Object {
          "movableEntity": null,
          "staticEntity": null,
        },
        Object {
          "movableEntity": null,
          "staticEntity": null,
        },
        Object {
          "movableEntity": null,
          "staticEntity": null,
        },
      ],
      Array [
        Object {
          "movableEntity": null,
          "staticEntity": Object {
            "entityId": "COLOR_CHANGER",
            "id": 3,
            "targetEntity": Object {
              "color": "#ff0000",
              "entityId": "BLOCK",
            },
          },
        },
        Object {
          "movableEntity": null,
          "staticEntity": Object {
            "entityId": "FLOOR",
            "id": 5,
          },
        },
        Object {
          "movableEntity": null,
          "staticEntity": null,
        },
        Object {
          "movableEntity": null,
          "staticEntity": null,
        },
      ],
      Array [
        Object {
          "movableEntity": null,
          "staticEntity": Object {
            "entityId": "FLOOR",
            "id": 6,
          },
        },
        Object {
          "movableEntity": null,
          "staticEntity": Object {
            "entityId": "FLOOR",
            "id": 7,
          },
        },
        Object {
          "movableEntity": Object {
            "color": "#800080",
            "entityId": "BLOCK",
            "id": 1,
          },
          "staticEntity": Object {
            "entityId": "COLOR_CHANGER",
            "id": 8,
            "targetEntity": Object {
              "color": "#800080",
              "entityId": "BLOCK",
            },
          },
        },
        Object {
          "movableEntity": Object {
            "color": "#800080",
            "entityId": "BLOCK",
            "id": 4,
          },
          "staticEntity": Object {
            "entityId": "FLOOR",
            "id": 9,
          },
        },
      ],
    ],
    Array [
      Array [
        Object {
          "movableEntity": null,
          "staticEntity": Object {
            "entityId": "FLOOR",
            "id": 2,
          },
        },
        Object {
          "movableEntity": null,
          "staticEntity": null,
        },
        Object {
          "movableEntity": null,
          "staticEntity": null,
        },
        Object {
          "movableEntity": null,
          "staticEntity": null,
        },
      ],
      Array [
        Object {
          "movableEntity": null,
          "staticEntity": Object {
            "entityId": "COLOR_CHANGER",
            "id": 3,
            "targetEntity": Object {
              "color": "#ff0000",
              "entityId": "BLOCK",
            },
          },
        },
        Object {
          "movableEntity": null,
          "staticEntity": Object {
            "entityId": "FLOOR",
            "id": 5,
          },
        },
        Object {
          "movableEntity": null,
          "staticEntity": null,
        },
        Object {
          "movableEntity": null,
          "staticEntity": null,
        },
      ],
      Array [
        Object {
          "movableEntity": null,
          "staticEntity": Object {
            "entityId": "FLOOR",
            "id": 6,
          },
        },
        Object {
          "movableEntity": null,
          "staticEntity": Object {
            "entityId": "FLOOR",
            "id": 7,
          },
        },
        Object {
          "movableEntity": Object {
            "color": "#800080",
            "entityId": "BLOCK",
            "fading": true,
            "id": 1,
          },
          "staticEntity": Object {
            "entityId": "COLOR_CHANGER",
            "id": 8,
            "targetEntity": Object {
              "color": "#800080",
              "entityId": "BLOCK",
            },
          },
        },
        Object {
          "movableEntity": Object {
            "color": "#800080",
            "entityId": "BLOCK",
            "fading": true,
            "id": 4,
          },
          "staticEntity": Object {
            "entityId": "FLOOR",
            "id": 9,
          },
        },
      ],
    ],
    Array [
      Array [
        Object {
          "movableEntity": null,
          "staticEntity": Object {
            "entityId": "FLOOR",
            "id": 2,
          },
        },
        Object {
          "movableEntity": null,
          "staticEntity": null,
        },
        Object {
          "movableEntity": null,
          "staticEntity": null,
        },
        Object {
          "movableEntity": null,
          "staticEntity": null,
        },
      ],
      Array [
        Object {
          "movableEntity": null,
          "staticEntity": Object {
            "entityId": "COLOR_CHANGER",
            "id": 3,
            "targetEntity": Object {
              "color": "#ff0000",
              "entityId": "BLOCK",
            },
          },
        },
        Object {
          "movableEntity": null,
          "staticEntity": Object {
            "entityId": "FLOOR",
            "id": 5,
          },
        },
        Object {
          "movableEntity": null,
          "staticEntity": null,
        },
        Object {
          "movableEntity": null,
          "staticEntity": null,
        },
      ],
      Array [
        Object {
          "movableEntity": null,
          "staticEntity": Object {
            "entityId": "FLOOR",
            "id": 6,
          },
        },
        Object {
          "movableEntity": null,
          "staticEntity": Object {
            "entityId": "FLOOR",
            "id": 7,
          },
        },
        Object {
          "movableEntity": null,
          "staticEntity": Object {
            "entityId": "COLOR_CHANGER",
            "id": 8,
            "targetEntity": Object {
              "color": "#800080",
              "entityId": "BLOCK",
            },
          },
        },
        Object {
          "movableEntity": null,
          "staticEntity": Object {
            "entityId": "FLOOR",
            "id": 9,
          },
        },
      ],
    ],
  ],
]
`;
